{"timestamp":"2025-10-03T06:59:29.245636Z","level":"info","event":"Filling up the DagBag from /opt/airflow/dags/retry.py","logger":"airflow.models.dagbag.DagBag","filename":"dagbag.py","lineno":593}
{"timestamp":"2025-10-03T06:59:59.990026Z","level":"info","event":"Filling up the DagBag from /opt/airflow/dags/retry.py","logger":"airflow.models.dagbag.DagBag","filename":"dagbag.py","lineno":593}
{"timestamp":"2025-10-03T07:00:30.739666Z","level":"info","event":"Filling up the DagBag from /opt/airflow/dags/retry.py","logger":"airflow.models.dagbag.DagBag","filename":"dagbag.py","lineno":593}
{"timestamp":"2025-10-03T07:01:01.475232Z","level":"info","event":"Filling up the DagBag from /opt/airflow/dags/retry.py","logger":"airflow.models.dagbag.DagBag","filename":"dagbag.py","lineno":593}
{"timestamp":"2025-10-03T07:01:32.324654Z","level":"info","event":"Filling up the DagBag from /opt/airflow/dags/retry.py","logger":"airflow.models.dagbag.DagBag","filename":"dagbag.py","lineno":593}
{"timestamp":"2025-10-03T07:02:03.107106Z","level":"info","event":"Filling up the DagBag from /opt/airflow/dags/retry.py","logger":"airflow.models.dagbag.DagBag","filename":"dagbag.py","lineno":593}
{"timestamp":"2025-10-03T07:02:33.847145Z","level":"info","event":"Filling up the DagBag from /opt/airflow/dags/retry.py","logger":"airflow.models.dagbag.DagBag","filename":"dagbag.py","lineno":593}
{"timestamp":"2025-10-03T07:03:04.586798Z","level":"info","event":"Filling up the DagBag from /opt/airflow/dags/retry.py","logger":"airflow.models.dagbag.DagBag","filename":"dagbag.py","lineno":593}
{"timestamp":"2025-10-03T07:03:35.308444Z","level":"info","event":"Filling up the DagBag from /opt/airflow/dags/retry.py","logger":"airflow.models.dagbag.DagBag","filename":"dagbag.py","lineno":593}
{"timestamp":"2025-10-03T07:04:06.018177Z","level":"info","event":"Filling up the DagBag from /opt/airflow/dags/retry.py","logger":"airflow.models.dagbag.DagBag","filename":"dagbag.py","lineno":593}
{"timestamp":"2025-10-03T07:04:23.660332Z","level":"info","event":"Filling up the DagBag from /opt/airflow/dags/retry.py","logger":"airflow.models.dagbag.DagBag","filename":"dagbag.py","lineno":593}
{"timestamp":"2025-10-03T07:04:25.711261Z","level":"info","event":"Filling up the DagBag from /opt/airflow/dags/retry.py","logger":"airflow.models.dagbag.DagBag","filename":"dagbag.py","lineno":593}
{"timestamp":"2025-10-03T07:04:56.414924Z","level":"info","event":"Filling up the DagBag from /opt/airflow/dags/retry.py","logger":"airflow.models.dagbag.DagBag","filename":"dagbag.py","lineno":593}
{"timestamp":"2025-10-03T07:04:59.471532Z","level":"info","event":"Filling up the DagBag from /opt/airflow/dags/retry.py","logger":"airflow.models.dagbag.DagBag","filename":"dagbag.py","lineno":593}
{"timestamp":"2025-10-03T07:04:59.473736Z","level":"error","event":"Failed to import: /opt/airflow/dags/retry.py","logger":"airflow.models.dagbag.DagBag","filename":"dagbag.py","lineno":415,"error_detail":[{"exc_type":"SyntaxError","exc_value":"positional argument follows keyword argument (retry.py, line 16)","exc_notes":[],"syntax_error":{"offset":1,"filename":"/opt/airflow/dags/retry.py","line":"):\n","lineno":16,"msg":"positional argument follows keyword argument"},"is_cause":false,"frames":[{"filename":"/home/airflow/.local/lib/python3.12/site-packages/airflow/models/dagbag.py","lineno":405,"name":"parse"},{"filename":"<frozen importlib._bootstrap_external>","lineno":995,"name":"exec_module"},{"filename":"<frozen importlib._bootstrap_external>","lineno":1133,"name":"get_code"},{"filename":"<frozen importlib._bootstrap_external>","lineno":1063,"name":"source_to_code"},{"filename":"<frozen importlib._bootstrap>","lineno":488,"name":"_call_with_frames_removed"}],"is_group":false,"exceptions":[]}]}
{"timestamp":"2025-10-03T07:05:05.539521Z","level":"info","event":"Filling up the DagBag from /opt/airflow/dags/retry.py","logger":"airflow.models.dagbag.DagBag","filename":"dagbag.py","lineno":593}
{"timestamp":"2025-10-03T07:05:05.541500Z","level":"error","event":"Failed to import: /opt/airflow/dags/retry.py","logger":"airflow.models.dagbag.DagBag","filename":"dagbag.py","lineno":415,"error_detail":[{"exc_type":"SyntaxError","exc_value":"positional argument follows keyword argument (retry.py, line 17)","exc_notes":[],"syntax_error":{"offset":1,"filename":"/opt/airflow/dags/retry.py","line":"):\n","lineno":17,"msg":"positional argument follows keyword argument"},"is_cause":false,"frames":[{"filename":"/home/airflow/.local/lib/python3.12/site-packages/airflow/models/dagbag.py","lineno":405,"name":"parse"},{"filename":"<frozen importlib._bootstrap_external>","lineno":995,"name":"exec_module"},{"filename":"<frozen importlib._bootstrap_external>","lineno":1133,"name":"get_code"},{"filename":"<frozen importlib._bootstrap_external>","lineno":1063,"name":"source_to_code"},{"filename":"<frozen importlib._bootstrap>","lineno":488,"name":"_call_with_frames_removed"}],"is_group":false,"exceptions":[]}]}
{"timestamp":"2025-10-03T07:05:06.574523Z","level":"info","event":"Filling up the DagBag from /opt/airflow/dags/retry.py","logger":"airflow.models.dagbag.DagBag","filename":"dagbag.py","lineno":593}
{"timestamp":"2025-10-03T07:05:06.576241Z","level":"error","event":"Failed to import: /opt/airflow/dags/retry.py","logger":"airflow.models.dagbag.DagBag","filename":"dagbag.py","lineno":415,"error_detail":[{"exc_type":"SyntaxError","exc_value":"positional argument follows keyword argument (retry.py, line 17)","exc_notes":[],"syntax_error":{"offset":1,"filename":"/opt/airflow/dags/retry.py","line":"):\n","lineno":17,"msg":"positional argument follows keyword argument"},"is_cause":false,"frames":[{"filename":"/home/airflow/.local/lib/python3.12/site-packages/airflow/models/dagbag.py","lineno":405,"name":"parse"},{"filename":"<frozen importlib._bootstrap_external>","lineno":995,"name":"exec_module"},{"filename":"<frozen importlib._bootstrap_external>","lineno":1133,"name":"get_code"},{"filename":"<frozen importlib._bootstrap_external>","lineno":1063,"name":"source_to_code"},{"filename":"<frozen importlib._bootstrap>","lineno":488,"name":"_call_with_frames_removed"}],"is_group":false,"exceptions":[]}]}
{"timestamp":"2025-10-03T07:05:07.615383Z","level":"info","event":"Filling up the DagBag from /opt/airflow/dags/retry.py","logger":"airflow.models.dagbag.DagBag","filename":"dagbag.py","lineno":593}
{"timestamp":"2025-10-03T07:05:07.617220Z","level":"error","event":"Failed to import: /opt/airflow/dags/retry.py","logger":"airflow.models.dagbag.DagBag","filename":"dagbag.py","lineno":415,"error_detail":[{"exc_type":"TypeError","exc_value":"DAG.__init__() got an unexpected keyword argument 'retries'","exc_notes":[],"syntax_error":null,"is_cause":false,"frames":[{"filename":"/home/airflow/.local/lib/python3.12/site-packages/airflow/models/dagbag.py","lineno":405,"name":"parse"},{"filename":"<frozen importlib._bootstrap_external>","lineno":999,"name":"exec_module"},{"filename":"<frozen importlib._bootstrap>","lineno":488,"name":"_call_with_frames_removed"},{"filename":"/opt/airflow/dags/retry.py","lineno":11,"name":"<module>"}],"is_group":false,"exceptions":[]}]}
{"timestamp":"2025-10-03T07:05:12.674105Z","level":"info","event":"Filling up the DagBag from /opt/airflow/dags/retry.py","logger":"airflow.models.dagbag.DagBag","filename":"dagbag.py","lineno":593}
{"timestamp":"2025-10-03T07:05:12.675930Z","level":"error","event":"Failed to import: /opt/airflow/dags/retry.py","logger":"airflow.models.dagbag.DagBag","filename":"dagbag.py","lineno":415,"error_detail":[{"exc_type":"TypeError","exc_value":"DAG.__init__() got an unexpected keyword argument 'retries'","exc_notes":[],"syntax_error":null,"is_cause":false,"frames":[{"filename":"/home/airflow/.local/lib/python3.12/site-packages/airflow/models/dagbag.py","lineno":405,"name":"parse"},{"filename":"<frozen importlib._bootstrap_external>","lineno":999,"name":"exec_module"},{"filename":"<frozen importlib._bootstrap>","lineno":488,"name":"_call_with_frames_removed"},{"filename":"/opt/airflow/dags/retry.py","lineno":11,"name":"<module>"}],"is_group":false,"exceptions":[]}]}
{"timestamp":"2025-10-03T07:05:19.820969Z","level":"info","event":"Filling up the DagBag from /opt/airflow/dags/retry.py","logger":"airflow.models.dagbag.DagBag","filename":"dagbag.py","lineno":593}
{"timestamp":"2025-10-03T07:05:19.823077Z","level":"error","event":"Failed to import: /opt/airflow/dags/retry.py","logger":"airflow.models.dagbag.DagBag","filename":"dagbag.py","lineno":415,"error_detail":[{"exc_type":"TypeError","exc_value":"DAG.__init__() got an unexpected keyword argument 'retries'","exc_notes":[],"syntax_error":null,"is_cause":false,"frames":[{"filename":"/home/airflow/.local/lib/python3.12/site-packages/airflow/models/dagbag.py","lineno":405,"name":"parse"},{"filename":"<frozen importlib._bootstrap_external>","lineno":999,"name":"exec_module"},{"filename":"<frozen importlib._bootstrap>","lineno":488,"name":"_call_with_frames_removed"},{"filename":"/opt/airflow/dags/retry.py","lineno":11,"name":"<module>"}],"is_group":false,"exceptions":[]}]}
{"timestamp":"2025-10-03T07:05:50.509061Z","level":"info","event":"Filling up the DagBag from /opt/airflow/dags/retry.py","logger":"airflow.models.dagbag.DagBag","filename":"dagbag.py","lineno":593}
{"timestamp":"2025-10-03T07:05:50.510370Z","level":"error","event":"Failed to import: /opt/airflow/dags/retry.py","logger":"airflow.models.dagbag.DagBag","filename":"dagbag.py","lineno":415,"error_detail":[{"exc_type":"TypeError","exc_value":"DAG.__init__() got an unexpected keyword argument 'retries'","exc_notes":[],"syntax_error":null,"is_cause":false,"frames":[{"filename":"/home/airflow/.local/lib/python3.12/site-packages/airflow/models/dagbag.py","lineno":405,"name":"parse"},{"filename":"<frozen importlib._bootstrap_external>","lineno":999,"name":"exec_module"},{"filename":"<frozen importlib._bootstrap>","lineno":488,"name":"_call_with_frames_removed"},{"filename":"/opt/airflow/dags/retry.py","lineno":11,"name":"<module>"}],"is_group":false,"exceptions":[]}]}
{"timestamp":"2025-10-03T07:06:17.179231Z","level":"info","event":"Filling up the DagBag from /opt/airflow/dags/retry.py","logger":"airflow.models.dagbag.DagBag","filename":"dagbag.py","lineno":593}
{"timestamp":"2025-10-03T07:06:17.180984Z","level":"error","event":"Failed to import: /opt/airflow/dags/retry.py","logger":"airflow.models.dagbag.DagBag","filename":"dagbag.py","lineno":415,"error_detail":[{"exc_type":"SyntaxError","exc_value":"unterminated string literal (detected at line 15) (retry.py, line 15)","exc_notes":[],"syntax_error":{"offset":12,"filename":"/opt/airflow/dags/retry.py","line":"    retries\"=5,","lineno":15,"msg":"unterminated string literal (detected at line 15)"},"is_cause":false,"frames":[{"filename":"/home/airflow/.local/lib/python3.12/site-packages/airflow/models/dagbag.py","lineno":405,"name":"parse"},{"filename":"<frozen importlib._bootstrap_external>","lineno":995,"name":"exec_module"},{"filename":"<frozen importlib._bootstrap_external>","lineno":1133,"name":"get_code"},{"filename":"<frozen importlib._bootstrap_external>","lineno":1063,"name":"source_to_code"},{"filename":"<frozen importlib._bootstrap>","lineno":488,"name":"_call_with_frames_removed"}],"is_group":false,"exceptions":[]}]}
{"timestamp":"2025-10-03T07:06:32.813811Z","level":"info","event":"Filling up the DagBag from /opt/airflow/dags/retry.py","logger":"airflow.models.dagbag.DagBag","filename":"dagbag.py","lineno":593}
{"timestamp":"2025-10-03T07:06:32.815664Z","level":"error","event":"Failed to import: /opt/airflow/dags/retry.py","logger":"airflow.models.dagbag.DagBag","filename":"dagbag.py","lineno":415,"error_detail":[{"exc_type":"TypeError","exc_value":"DAG.__init__() got an unexpected keyword argument 'retries'","exc_notes":[],"syntax_error":null,"is_cause":false,"frames":[{"filename":"/home/airflow/.local/lib/python3.12/site-packages/airflow/models/dagbag.py","lineno":405,"name":"parse"},{"filename":"<frozen importlib._bootstrap_external>","lineno":999,"name":"exec_module"},{"filename":"<frozen importlib._bootstrap>","lineno":488,"name":"_call_with_frames_removed"},{"filename":"/opt/airflow/dags/retry.py","lineno":11,"name":"<module>"}],"is_group":false,"exceptions":[]}]}
{"timestamp":"2025-10-03T07:06:33.853184Z","level":"info","event":"Filling up the DagBag from /opt/airflow/dags/retry.py","logger":"airflow.models.dagbag.DagBag","filename":"dagbag.py","lineno":593}
{"timestamp":"2025-10-03T07:06:33.855200Z","level":"error","event":"Failed to import: /opt/airflow/dags/retry.py","logger":"airflow.models.dagbag.DagBag","filename":"dagbag.py","lineno":415,"error_detail":[{"exc_type":"TypeError","exc_value":"DAG.__init__() got an unexpected keyword argument 'retries'","exc_notes":[],"syntax_error":null,"is_cause":false,"frames":[{"filename":"/home/airflow/.local/lib/python3.12/site-packages/airflow/models/dagbag.py","lineno":405,"name":"parse"},{"filename":"<frozen importlib._bootstrap_external>","lineno":999,"name":"exec_module"},{"filename":"<frozen importlib._bootstrap>","lineno":488,"name":"_call_with_frames_removed"},{"filename":"/opt/airflow/dags/retry.py","lineno":11,"name":"<module>"}],"is_group":false,"exceptions":[]}]}
{"timestamp":"2025-10-03T07:06:36.900857Z","level":"info","event":"Filling up the DagBag from /opt/airflow/dags/retry.py","logger":"airflow.models.dagbag.DagBag","filename":"dagbag.py","lineno":593}
{"timestamp":"2025-10-03T07:06:36.902823Z","level":"error","event":"Failed to import: /opt/airflow/dags/retry.py","logger":"airflow.models.dagbag.DagBag","filename":"dagbag.py","lineno":415,"error_detail":[{"exc_type":"SyntaxError","exc_value":"expected argument value expression (retry.py, line 14)","exc_notes":[],"syntax_error":{"offset":5,"filename":"/opt/airflow/dags/retry.py","line":"    default_args=,\n","lineno":14,"msg":"expected argument value expression"},"is_cause":false,"frames":[{"filename":"/home/airflow/.local/lib/python3.12/site-packages/airflow/models/dagbag.py","lineno":405,"name":"parse"},{"filename":"<frozen importlib._bootstrap_external>","lineno":995,"name":"exec_module"},{"filename":"<frozen importlib._bootstrap_external>","lineno":1133,"name":"get_code"},{"filename":"<frozen importlib._bootstrap_external>","lineno":1063,"name":"source_to_code"},{"filename":"<frozen importlib._bootstrap>","lineno":488,"name":"_call_with_frames_removed"}],"is_group":false,"exceptions":[]}]}
{"timestamp":"2025-10-03T07:06:48.996433Z","level":"info","event":"Filling up the DagBag from /opt/airflow/dags/retry.py","logger":"airflow.models.dagbag.DagBag","filename":"dagbag.py","lineno":593}
{"timestamp":"2025-10-03T07:07:19.760545Z","level":"info","event":"Filling up the DagBag from /opt/airflow/dags/retry.py","logger":"airflow.models.dagbag.DagBag","filename":"dagbag.py","lineno":593}
{"timestamp":"2025-10-03T07:07:50.575289Z","level":"info","event":"Filling up the DagBag from /opt/airflow/dags/retry.py","logger":"airflow.models.dagbag.DagBag","filename":"dagbag.py","lineno":593}
{"timestamp":"2025-10-03T07:08:21.332672Z","level":"info","event":"Filling up the DagBag from /opt/airflow/dags/retry.py","logger":"airflow.models.dagbag.DagBag","filename":"dagbag.py","lineno":593}
{"timestamp":"2025-10-03T07:08:52.059283Z","level":"info","event":"Filling up the DagBag from /opt/airflow/dags/retry.py","logger":"airflow.models.dagbag.DagBag","filename":"dagbag.py","lineno":593}
{"timestamp":"2025-10-03T07:09:22.778336Z","level":"info","event":"Filling up the DagBag from /opt/airflow/dags/retry.py","logger":"airflow.models.dagbag.DagBag","filename":"dagbag.py","lineno":593}
{"timestamp":"2025-10-03T07:09:53.526864Z","level":"info","event":"Filling up the DagBag from /opt/airflow/dags/retry.py","logger":"airflow.models.dagbag.DagBag","filename":"dagbag.py","lineno":593}
{"timestamp":"2025-10-03T07:10:24.317297Z","level":"info","event":"Filling up the DagBag from /opt/airflow/dags/retry.py","logger":"airflow.models.dagbag.DagBag","filename":"dagbag.py","lineno":593}
{"timestamp":"2025-10-03T07:10:55.112349Z","level":"info","event":"Filling up the DagBag from /opt/airflow/dags/retry.py","logger":"airflow.models.dagbag.DagBag","filename":"dagbag.py","lineno":593}
{"timestamp":"2025-10-03T07:11:25.881789Z","level":"info","event":"Filling up the DagBag from /opt/airflow/dags/retry.py","logger":"airflow.models.dagbag.DagBag","filename":"dagbag.py","lineno":593}
{"timestamp":"2025-10-03T07:11:56.642987Z","level":"info","event":"Filling up the DagBag from /opt/airflow/dags/retry.py","logger":"airflow.models.dagbag.DagBag","filename":"dagbag.py","lineno":593}
{"timestamp":"2025-10-03T07:12:27.402445Z","level":"info","event":"Filling up the DagBag from /opt/airflow/dags/retry.py","logger":"airflow.models.dagbag.DagBag","filename":"dagbag.py","lineno":593}
{"timestamp":"2025-10-03T07:12:58.181844Z","level":"info","event":"Filling up the DagBag from /opt/airflow/dags/retry.py","logger":"airflow.models.dagbag.DagBag","filename":"dagbag.py","lineno":593}
{"timestamp":"2025-10-03T07:13:29.010580Z","level":"info","event":"Filling up the DagBag from /opt/airflow/dags/retry.py","logger":"airflow.models.dagbag.DagBag","filename":"dagbag.py","lineno":593}
{"timestamp":"2025-10-03T07:13:59.862970Z","level":"info","event":"Filling up the DagBag from /opt/airflow/dags/retry.py","logger":"airflow.models.dagbag.DagBag","filename":"dagbag.py","lineno":593}
{"timestamp":"2025-10-03T07:14:30.670409Z","level":"info","event":"Filling up the DagBag from /opt/airflow/dags/retry.py","logger":"airflow.models.dagbag.DagBag","filename":"dagbag.py","lineno":593}
{"timestamp":"2025-10-03T07:15:01.479120Z","level":"info","event":"Filling up the DagBag from /opt/airflow/dags/retry.py","logger":"airflow.models.dagbag.DagBag","filename":"dagbag.py","lineno":593}
{"timestamp":"2025-10-03T07:15:32.251083Z","level":"info","event":"Filling up the DagBag from /opt/airflow/dags/retry.py","logger":"airflow.models.dagbag.DagBag","filename":"dagbag.py","lineno":593}
{"timestamp":"2025-10-03T07:16:03.005412Z","level":"info","event":"Filling up the DagBag from /opt/airflow/dags/retry.py","logger":"airflow.models.dagbag.DagBag","filename":"dagbag.py","lineno":593}
{"timestamp":"2025-10-03T07:16:33.771643Z","level":"info","event":"Filling up the DagBag from /opt/airflow/dags/retry.py","logger":"airflow.models.dagbag.DagBag","filename":"dagbag.py","lineno":593}
{"timestamp":"2025-10-03T07:17:04.521563Z","level":"info","event":"Filling up the DagBag from /opt/airflow/dags/retry.py","logger":"airflow.models.dagbag.DagBag","filename":"dagbag.py","lineno":593}
{"timestamp":"2025-10-03T07:17:35.298873Z","level":"info","event":"Filling up the DagBag from /opt/airflow/dags/retry.py","logger":"airflow.models.dagbag.DagBag","filename":"dagbag.py","lineno":593}
{"timestamp":"2025-10-03T07:18:06.047426Z","level":"info","event":"Filling up the DagBag from /opt/airflow/dags/retry.py","logger":"airflow.models.dagbag.DagBag","filename":"dagbag.py","lineno":593}
{"timestamp":"2025-10-03T07:18:36.816057Z","level":"info","event":"Filling up the DagBag from /opt/airflow/dags/retry.py","logger":"airflow.models.dagbag.DagBag","filename":"dagbag.py","lineno":593}
{"timestamp":"2025-10-03T07:19:07.580413Z","level":"info","event":"Filling up the DagBag from /opt/airflow/dags/retry.py","logger":"airflow.models.dagbag.DagBag","filename":"dagbag.py","lineno":593}
{"timestamp":"2025-10-03T07:19:38.344664Z","level":"info","event":"Filling up the DagBag from /opt/airflow/dags/retry.py","logger":"airflow.models.dagbag.DagBag","filename":"dagbag.py","lineno":593}
{"timestamp":"2025-10-03T07:20:09.191894Z","level":"info","event":"Filling up the DagBag from /opt/airflow/dags/retry.py","logger":"airflow.models.dagbag.DagBag","filename":"dagbag.py","lineno":593}
{"timestamp":"2025-10-03T07:20:40.004341Z","level":"info","event":"Filling up the DagBag from /opt/airflow/dags/retry.py","logger":"airflow.models.dagbag.DagBag","filename":"dagbag.py","lineno":593}
{"timestamp":"2025-10-03T07:21:10.759933Z","level":"info","event":"Filling up the DagBag from /opt/airflow/dags/retry.py","logger":"airflow.models.dagbag.DagBag","filename":"dagbag.py","lineno":593}
{"timestamp":"2025-10-03T07:21:41.530173Z","level":"info","event":"Filling up the DagBag from /opt/airflow/dags/retry.py","logger":"airflow.models.dagbag.DagBag","filename":"dagbag.py","lineno":593}
{"timestamp":"2025-10-03T07:22:12.298640Z","level":"info","event":"Filling up the DagBag from /opt/airflow/dags/retry.py","logger":"airflow.models.dagbag.DagBag","filename":"dagbag.py","lineno":593}
{"timestamp":"2025-10-03T07:22:43.060593Z","level":"info","event":"Filling up the DagBag from /opt/airflow/dags/retry.py","logger":"airflow.models.dagbag.DagBag","filename":"dagbag.py","lineno":593}
{"timestamp":"2025-10-03T07:23:13.811111Z","level":"info","event":"Filling up the DagBag from /opt/airflow/dags/retry.py","logger":"airflow.models.dagbag.DagBag","filename":"dagbag.py","lineno":593}
{"timestamp":"2025-10-03T07:23:44.596054Z","level":"info","event":"Filling up the DagBag from /opt/airflow/dags/retry.py","logger":"airflow.models.dagbag.DagBag","filename":"dagbag.py","lineno":593}
{"timestamp":"2025-10-03T07:24:15.338329Z","level":"info","event":"Filling up the DagBag from /opt/airflow/dags/retry.py","logger":"airflow.models.dagbag.DagBag","filename":"dagbag.py","lineno":593}
{"timestamp":"2025-10-03T07:24:46.105425Z","level":"info","event":"Filling up the DagBag from /opt/airflow/dags/retry.py","logger":"airflow.models.dagbag.DagBag","filename":"dagbag.py","lineno":593}
{"timestamp":"2025-10-03T07:25:16.852740Z","level":"info","event":"Filling up the DagBag from /opt/airflow/dags/retry.py","logger":"airflow.models.dagbag.DagBag","filename":"dagbag.py","lineno":593}
{"timestamp":"2025-10-03T07:25:47.633335Z","level":"info","event":"Filling up the DagBag from /opt/airflow/dags/retry.py","logger":"airflow.models.dagbag.DagBag","filename":"dagbag.py","lineno":593}
{"timestamp":"2025-10-03T07:26:18.431127Z","level":"info","event":"Filling up the DagBag from /opt/airflow/dags/retry.py","logger":"airflow.models.dagbag.DagBag","filename":"dagbag.py","lineno":593}
{"timestamp":"2025-10-03T07:26:49.226956Z","level":"info","event":"Filling up the DagBag from /opt/airflow/dags/retry.py","logger":"airflow.models.dagbag.DagBag","filename":"dagbag.py","lineno":593}
{"timestamp":"2025-10-03T07:27:19.990530Z","level":"info","event":"Filling up the DagBag from /opt/airflow/dags/retry.py","logger":"airflow.models.dagbag.DagBag","filename":"dagbag.py","lineno":593}
{"timestamp":"2025-10-03T07:27:50.736012Z","level":"info","event":"Filling up the DagBag from /opt/airflow/dags/retry.py","logger":"airflow.models.dagbag.DagBag","filename":"dagbag.py","lineno":593}
{"timestamp":"2025-10-03T07:28:21.533433Z","level":"info","event":"Filling up the DagBag from /opt/airflow/dags/retry.py","logger":"airflow.models.dagbag.DagBag","filename":"dagbag.py","lineno":593}
{"timestamp":"2025-10-03T07:28:52.283624Z","level":"info","event":"Filling up the DagBag from /opt/airflow/dags/retry.py","logger":"airflow.models.dagbag.DagBag","filename":"dagbag.py","lineno":593}
{"timestamp":"2025-10-03T07:29:23.030388Z","level":"info","event":"Filling up the DagBag from /opt/airflow/dags/retry.py","logger":"airflow.models.dagbag.DagBag","filename":"dagbag.py","lineno":593}
{"timestamp":"2025-10-03T07:29:53.892072Z","level":"info","event":"Filling up the DagBag from /opt/airflow/dags/retry.py","logger":"airflow.models.dagbag.DagBag","filename":"dagbag.py","lineno":593}
{"timestamp":"2025-10-03T07:30:24.802491Z","level":"info","event":"Filling up the DagBag from /opt/airflow/dags/retry.py","logger":"airflow.models.dagbag.DagBag","filename":"dagbag.py","lineno":593}
{"timestamp":"2025-10-03T07:30:55.248671Z","level":"info","event":"Filling up the DagBag from /opt/airflow/dags/retry.py","logger":"airflow.models.dagbag.DagBag","filename":"dagbag.py","lineno":593}
{"timestamp":"2025-10-03T07:31:25.433594Z","level":"info","event":"Filling up the DagBag from /opt/airflow/dags/retry.py","logger":"airflow.models.dagbag.DagBag","filename":"dagbag.py","lineno":593}
{"timestamp":"2025-10-03T07:31:56.308409Z","level":"info","event":"Filling up the DagBag from /opt/airflow/dags/retry.py","logger":"airflow.models.dagbag.DagBag","filename":"dagbag.py","lineno":593}
{"timestamp":"2025-10-03T07:32:27.318163Z","level":"info","event":"Filling up the DagBag from /opt/airflow/dags/retry.py","logger":"airflow.models.dagbag.DagBag","filename":"dagbag.py","lineno":593}
{"timestamp":"2025-10-03T07:32:58.157857Z","level":"info","event":"Filling up the DagBag from /opt/airflow/dags/retry.py","logger":"airflow.models.dagbag.DagBag","filename":"dagbag.py","lineno":593}
{"timestamp":"2025-10-03T07:33:29.018789Z","level":"info","event":"Filling up the DagBag from /opt/airflow/dags/retry.py","logger":"airflow.models.dagbag.DagBag","filename":"dagbag.py","lineno":593}
{"timestamp":"2025-10-03T07:33:59.952488Z","level":"info","event":"Filling up the DagBag from /opt/airflow/dags/retry.py","logger":"airflow.models.dagbag.DagBag","filename":"dagbag.py","lineno":593}
{"timestamp":"2025-10-03T07:34:30.173078Z","level":"info","event":"Filling up the DagBag from /opt/airflow/dags/retry.py","logger":"airflow.models.dagbag.DagBag","filename":"dagbag.py","lineno":593}
{"timestamp":"2025-10-03T07:35:00.894324Z","level":"info","event":"Filling up the DagBag from /opt/airflow/dags/retry.py","logger":"airflow.models.dagbag.DagBag","filename":"dagbag.py","lineno":593}
{"timestamp":"2025-10-03T07:35:31.114387Z","level":"info","event":"Filling up the DagBag from /opt/airflow/dags/retry.py","logger":"airflow.models.dagbag.DagBag","filename":"dagbag.py","lineno":593}
{"timestamp":"2025-10-03T07:36:01.439318Z","level":"info","event":"Filling up the DagBag from /opt/airflow/dags/retry.py","logger":"airflow.models.dagbag.DagBag","filename":"dagbag.py","lineno":593}
{"timestamp":"2025-10-03T07:36:32.166916Z","level":"info","event":"Filling up the DagBag from /opt/airflow/dags/retry.py","logger":"airflow.models.dagbag.DagBag","filename":"dagbag.py","lineno":593}
{"timestamp":"2025-10-03T07:37:02.404830Z","level":"info","event":"Filling up the DagBag from /opt/airflow/dags/retry.py","logger":"airflow.models.dagbag.DagBag","filename":"dagbag.py","lineno":593}
{"timestamp":"2025-10-03T07:37:32.663986Z","level":"info","event":"Filling up the DagBag from /opt/airflow/dags/retry.py","logger":"airflow.models.dagbag.DagBag","filename":"dagbag.py","lineno":593}
{"timestamp":"2025-10-03T07:38:02.962644Z","level":"info","event":"Filling up the DagBag from /opt/airflow/dags/retry.py","logger":"airflow.models.dagbag.DagBag","filename":"dagbag.py","lineno":593}
{"timestamp":"2025-10-03T07:38:33.201307Z","level":"info","event":"Filling up the DagBag from /opt/airflow/dags/retry.py","logger":"airflow.models.dagbag.DagBag","filename":"dagbag.py","lineno":593}
{"timestamp":"2025-10-03T07:39:03.259353Z","level":"info","event":"Filling up the DagBag from /opt/airflow/dags/retry.py","logger":"airflow.models.dagbag.DagBag","filename":"dagbag.py","lineno":593}
{"timestamp":"2025-10-03T07:39:33.596913Z","level":"info","event":"Filling up the DagBag from /opt/airflow/dags/retry.py","logger":"airflow.models.dagbag.DagBag","filename":"dagbag.py","lineno":593}
{"timestamp":"2025-10-03T07:40:04.286356Z","level":"info","event":"Filling up the DagBag from /opt/airflow/dags/retry.py","logger":"airflow.models.dagbag.DagBag","filename":"dagbag.py","lineno":593}
{"timestamp":"2025-10-03T07:40:34.395237Z","level":"info","event":"Filling up the DagBag from /opt/airflow/dags/retry.py","logger":"airflow.models.dagbag.DagBag","filename":"dagbag.py","lineno":593}
{"timestamp":"2025-10-03T07:41:05.022723Z","level":"info","event":"Filling up the DagBag from /opt/airflow/dags/retry.py","logger":"airflow.models.dagbag.DagBag","filename":"dagbag.py","lineno":593}
{"timestamp":"2025-10-03T07:41:35.255317Z","level":"info","event":"Filling up the DagBag from /opt/airflow/dags/retry.py","logger":"airflow.models.dagbag.DagBag","filename":"dagbag.py","lineno":593}
{"timestamp":"2025-10-03T07:42:05.961443Z","level":"info","event":"Filling up the DagBag from /opt/airflow/dags/retry.py","logger":"airflow.models.dagbag.DagBag","filename":"dagbag.py","lineno":593}
{"timestamp":"2025-10-03T07:42:36.244420Z","level":"info","event":"Filling up the DagBag from /opt/airflow/dags/retry.py","logger":"airflow.models.dagbag.DagBag","filename":"dagbag.py","lineno":593}
{"timestamp":"2025-10-03T07:43:07.170513Z","level":"info","event":"Filling up the DagBag from /opt/airflow/dags/retry.py","logger":"airflow.models.dagbag.DagBag","filename":"dagbag.py","lineno":593}
{"timestamp":"2025-10-03T07:43:37.633950Z","level":"info","event":"Filling up the DagBag from /opt/airflow/dags/retry.py","logger":"airflow.models.dagbag.DagBag","filename":"dagbag.py","lineno":593}
{"timestamp":"2025-10-03T07:44:08.013222Z","level":"info","event":"Filling up the DagBag from /opt/airflow/dags/retry.py","logger":"airflow.models.dagbag.DagBag","filename":"dagbag.py","lineno":593}
{"timestamp":"2025-10-03T07:44:38.125847Z","level":"info","event":"Filling up the DagBag from /opt/airflow/dags/retry.py","logger":"airflow.models.dagbag.DagBag","filename":"dagbag.py","lineno":593}
{"timestamp":"2025-10-03T07:45:08.236608Z","level":"info","event":"Filling up the DagBag from /opt/airflow/dags/retry.py","logger":"airflow.models.dagbag.DagBag","filename":"dagbag.py","lineno":593}
{"timestamp":"2025-10-03T07:45:38.534466Z","level":"info","event":"Filling up the DagBag from /opt/airflow/dags/retry.py","logger":"airflow.models.dagbag.DagBag","filename":"dagbag.py","lineno":593}
{"timestamp":"2025-10-03T07:46:08.661005Z","level":"info","event":"Filling up the DagBag from /opt/airflow/dags/retry.py","logger":"airflow.models.dagbag.DagBag","filename":"dagbag.py","lineno":593}
{"timestamp":"2025-10-03T07:46:38.752418Z","level":"info","event":"Filling up the DagBag from /opt/airflow/dags/retry.py","logger":"airflow.models.dagbag.DagBag","filename":"dagbag.py","lineno":593}
{"timestamp":"2025-10-03T07:47:08.857902Z","level":"info","event":"Filling up the DagBag from /opt/airflow/dags/retry.py","logger":"airflow.models.dagbag.DagBag","filename":"dagbag.py","lineno":593}
{"timestamp":"2025-10-03T07:47:38.970903Z","level":"info","event":"Filling up the DagBag from /opt/airflow/dags/retry.py","logger":"airflow.models.dagbag.DagBag","filename":"dagbag.py","lineno":593}
{"timestamp":"2025-10-03T07:48:09.428529Z","level":"info","event":"Filling up the DagBag from /opt/airflow/dags/retry.py","logger":"airflow.models.dagbag.DagBag","filename":"dagbag.py","lineno":593}
{"timestamp":"2025-10-03T07:48:39.556589Z","level":"info","event":"Filling up the DagBag from /opt/airflow/dags/retry.py","logger":"airflow.models.dagbag.DagBag","filename":"dagbag.py","lineno":593}
{"timestamp":"2025-10-03T07:49:09.664025Z","level":"info","event":"Filling up the DagBag from /opt/airflow/dags/retry.py","logger":"airflow.models.dagbag.DagBag","filename":"dagbag.py","lineno":593}
{"timestamp":"2025-10-03T07:49:40.398840Z","level":"info","event":"Filling up the DagBag from /opt/airflow/dags/retry.py","logger":"airflow.models.dagbag.DagBag","filename":"dagbag.py","lineno":593}
{"timestamp":"2025-10-03T07:50:10.530165Z","level":"info","event":"Filling up the DagBag from /opt/airflow/dags/retry.py","logger":"airflow.models.dagbag.DagBag","filename":"dagbag.py","lineno":593}
{"timestamp":"2025-10-03T07:50:40.620265Z","level":"info","event":"Filling up the DagBag from /opt/airflow/dags/retry.py","logger":"airflow.models.dagbag.DagBag","filename":"dagbag.py","lineno":593}
{"timestamp":"2025-10-03T07:51:10.734024Z","level":"info","event":"Filling up the DagBag from /opt/airflow/dags/retry.py","logger":"airflow.models.dagbag.DagBag","filename":"dagbag.py","lineno":593}
{"timestamp":"2025-10-03T07:51:40.878410Z","level":"info","event":"Filling up the DagBag from /opt/airflow/dags/retry.py","logger":"airflow.models.dagbag.DagBag","filename":"dagbag.py","lineno":593}
{"timestamp":"2025-10-03T07:52:10.992113Z","level":"info","event":"Filling up the DagBag from /opt/airflow/dags/retry.py","logger":"airflow.models.dagbag.DagBag","filename":"dagbag.py","lineno":593}
{"timestamp":"2025-10-03T07:52:41.100602Z","level":"info","event":"Filling up the DagBag from /opt/airflow/dags/retry.py","logger":"airflow.models.dagbag.DagBag","filename":"dagbag.py","lineno":593}
{"timestamp":"2025-10-03T07:53:11.669926Z","level":"info","event":"Filling up the DagBag from /opt/airflow/dags/retry.py","logger":"airflow.models.dagbag.DagBag","filename":"dagbag.py","lineno":593}
{"timestamp":"2025-10-03T07:53:42.181213Z","level":"info","event":"Filling up the DagBag from /opt/airflow/dags/retry.py","logger":"airflow.models.dagbag.DagBag","filename":"dagbag.py","lineno":593}
{"timestamp":"2025-10-03T07:54:12.325494Z","level":"info","event":"Filling up the DagBag from /opt/airflow/dags/retry.py","logger":"airflow.models.dagbag.DagBag","filename":"dagbag.py","lineno":593}
{"timestamp":"2025-10-03T07:54:42.501750Z","level":"info","event":"Filling up the DagBag from /opt/airflow/dags/retry.py","logger":"airflow.models.dagbag.DagBag","filename":"dagbag.py","lineno":593}
{"timestamp":"2025-10-03T07:55:12.589127Z","level":"info","event":"Filling up the DagBag from /opt/airflow/dags/retry.py","logger":"airflow.models.dagbag.DagBag","filename":"dagbag.py","lineno":593}
{"timestamp":"2025-10-03T07:55:43.079232Z","level":"info","event":"Filling up the DagBag from /opt/airflow/dags/retry.py","logger":"airflow.models.dagbag.DagBag","filename":"dagbag.py","lineno":593}
{"timestamp":"2025-10-03T07:56:13.550325Z","level":"info","event":"Filling up the DagBag from /opt/airflow/dags/retry.py","logger":"airflow.models.dagbag.DagBag","filename":"dagbag.py","lineno":593}
{"timestamp":"2025-10-03T07:56:43.739884Z","level":"info","event":"Filling up the DagBag from /opt/airflow/dags/retry.py","logger":"airflow.models.dagbag.DagBag","filename":"dagbag.py","lineno":593}
{"timestamp":"2025-10-03T07:57:13.869935Z","level":"info","event":"Filling up the DagBag from /opt/airflow/dags/retry.py","logger":"airflow.models.dagbag.DagBag","filename":"dagbag.py","lineno":593}
{"timestamp":"2025-10-03T07:57:43.978188Z","level":"info","event":"Filling up the DagBag from /opt/airflow/dags/retry.py","logger":"airflow.models.dagbag.DagBag","filename":"dagbag.py","lineno":593}
{"timestamp":"2025-10-03T07:58:14.425356Z","level":"info","event":"Filling up the DagBag from /opt/airflow/dags/retry.py","logger":"airflow.models.dagbag.DagBag","filename":"dagbag.py","lineno":593}
{"timestamp":"2025-10-03T07:58:44.682247Z","level":"info","event":"Filling up the DagBag from /opt/airflow/dags/retry.py","logger":"airflow.models.dagbag.DagBag","filename":"dagbag.py","lineno":593}
{"timestamp":"2025-10-03T07:59:14.809466Z","level":"info","event":"Filling up the DagBag from /opt/airflow/dags/retry.py","logger":"airflow.models.dagbag.DagBag","filename":"dagbag.py","lineno":593}
{"timestamp":"2025-10-03T07:59:44.885365Z","level":"info","event":"Filling up the DagBag from /opt/airflow/dags/retry.py","logger":"airflow.models.dagbag.DagBag","filename":"dagbag.py","lineno":593}
{"timestamp":"2025-10-03T08:00:15.116541Z","level":"info","event":"Filling up the DagBag from /opt/airflow/dags/retry.py","logger":"airflow.models.dagbag.DagBag","filename":"dagbag.py","lineno":593}
{"timestamp":"2025-10-03T08:00:45.229909Z","level":"info","event":"Filling up the DagBag from /opt/airflow/dags/retry.py","logger":"airflow.models.dagbag.DagBag","filename":"dagbag.py","lineno":593}
{"timestamp":"2025-10-03T08:01:15.418460Z","level":"info","event":"Filling up the DagBag from /opt/airflow/dags/retry.py","logger":"airflow.models.dagbag.DagBag","filename":"dagbag.py","lineno":593}
{"timestamp":"2025-10-03T08:01:45.519191Z","level":"info","event":"Filling up the DagBag from /opt/airflow/dags/retry.py","logger":"airflow.models.dagbag.DagBag","filename":"dagbag.py","lineno":593}
{"timestamp":"2025-10-03T08:02:16.168905Z","level":"info","event":"Filling up the DagBag from /opt/airflow/dags/retry.py","logger":"airflow.models.dagbag.DagBag","filename":"dagbag.py","lineno":593}
{"timestamp":"2025-10-03T08:02:46.316218Z","level":"info","event":"Filling up the DagBag from /opt/airflow/dags/retry.py","logger":"airflow.models.dagbag.DagBag","filename":"dagbag.py","lineno":593}
{"timestamp":"2025-10-03T08:03:16.449668Z","level":"info","event":"Filling up the DagBag from /opt/airflow/dags/retry.py","logger":"airflow.models.dagbag.DagBag","filename":"dagbag.py","lineno":593}
{"timestamp":"2025-10-03T08:03:47.308355Z","level":"info","event":"Filling up the DagBag from /opt/airflow/dags/retry.py","logger":"airflow.models.dagbag.DagBag","filename":"dagbag.py","lineno":593}
{"timestamp":"2025-10-03T08:04:17.486784Z","level":"info","event":"Filling up the DagBag from /opt/airflow/dags/retry.py","logger":"airflow.models.dagbag.DagBag","filename":"dagbag.py","lineno":593}
{"timestamp":"2025-10-03T08:04:47.803408Z","level":"info","event":"Filling up the DagBag from /opt/airflow/dags/retry.py","logger":"airflow.models.dagbag.DagBag","filename":"dagbag.py","lineno":593}
{"timestamp":"2025-10-03T08:05:18.066421Z","level":"info","event":"Filling up the DagBag from /opt/airflow/dags/retry.py","logger":"airflow.models.dagbag.DagBag","filename":"dagbag.py","lineno":593}
{"timestamp":"2025-10-03T08:05:48.250352Z","level":"info","event":"Filling up the DagBag from /opt/airflow/dags/retry.py","logger":"airflow.models.dagbag.DagBag","filename":"dagbag.py","lineno":593}
{"timestamp":"2025-10-03T08:06:18.402450Z","level":"info","event":"Filling up the DagBag from /opt/airflow/dags/retry.py","logger":"airflow.models.dagbag.DagBag","filename":"dagbag.py","lineno":593}
{"timestamp":"2025-10-03T08:06:48.552828Z","level":"info","event":"Filling up the DagBag from /opt/airflow/dags/retry.py","logger":"airflow.models.dagbag.DagBag","filename":"dagbag.py","lineno":593}
{"timestamp":"2025-10-03T08:07:18.664334Z","level":"info","event":"Filling up the DagBag from /opt/airflow/dags/retry.py","logger":"airflow.models.dagbag.DagBag","filename":"dagbag.py","lineno":593}
{"timestamp":"2025-10-03T08:07:48.888145Z","level":"info","event":"Filling up the DagBag from /opt/airflow/dags/retry.py","logger":"airflow.models.dagbag.DagBag","filename":"dagbag.py","lineno":593}
{"timestamp":"2025-10-03T08:08:19.122309Z","level":"info","event":"Filling up the DagBag from /opt/airflow/dags/retry.py","logger":"airflow.models.dagbag.DagBag","filename":"dagbag.py","lineno":593}
{"timestamp":"2025-10-03T08:08:49.361288Z","level":"info","event":"Filling up the DagBag from /opt/airflow/dags/retry.py","logger":"airflow.models.dagbag.DagBag","filename":"dagbag.py","lineno":593}
{"timestamp":"2025-10-03T08:09:20.233373Z","level":"info","event":"Filling up the DagBag from /opt/airflow/dags/retry.py","logger":"airflow.models.dagbag.DagBag","filename":"dagbag.py","lineno":593}
{"timestamp":"2025-10-03T08:09:50.445052Z","level":"info","event":"Filling up the DagBag from /opt/airflow/dags/retry.py","logger":"airflow.models.dagbag.DagBag","filename":"dagbag.py","lineno":593}
{"timestamp":"2025-10-03T08:10:20.623871Z","level":"info","event":"Filling up the DagBag from /opt/airflow/dags/retry.py","logger":"airflow.models.dagbag.DagBag","filename":"dagbag.py","lineno":593}
{"timestamp":"2025-10-03T08:10:50.954241Z","level":"info","event":"Filling up the DagBag from /opt/airflow/dags/retry.py","logger":"airflow.models.dagbag.DagBag","filename":"dagbag.py","lineno":593}
{"timestamp":"2025-10-03T08:11:21.733380Z","level":"info","event":"Filling up the DagBag from /opt/airflow/dags/retry.py","logger":"airflow.models.dagbag.DagBag","filename":"dagbag.py","lineno":593}
{"timestamp":"2025-10-03T08:11:52.040129Z","level":"info","event":"Filling up the DagBag from /opt/airflow/dags/retry.py","logger":"airflow.models.dagbag.DagBag","filename":"dagbag.py","lineno":593}
{"timestamp":"2025-10-03T08:12:22.384484Z","level":"info","event":"Filling up the DagBag from /opt/airflow/dags/retry.py","logger":"airflow.models.dagbag.DagBag","filename":"dagbag.py","lineno":593}
{"timestamp":"2025-10-03T08:12:52.694765Z","level":"info","event":"Filling up the DagBag from /opt/airflow/dags/retry.py","logger":"airflow.models.dagbag.DagBag","filename":"dagbag.py","lineno":593}
{"timestamp":"2025-10-03T08:13:23.168102Z","level":"info","event":"Filling up the DagBag from /opt/airflow/dags/retry.py","logger":"airflow.models.dagbag.DagBag","filename":"dagbag.py","lineno":593}
{"timestamp":"2025-10-03T08:13:54.054221Z","level":"info","event":"Filling up the DagBag from /opt/airflow/dags/retry.py","logger":"airflow.models.dagbag.DagBag","filename":"dagbag.py","lineno":593}
{"timestamp":"2025-10-03T08:14:24.968066Z","level":"info","event":"Filling up the DagBag from /opt/airflow/dags/retry.py","logger":"airflow.models.dagbag.DagBag","filename":"dagbag.py","lineno":593}
{"timestamp":"2025-10-03T08:14:55.709516Z","level":"info","event":"Filling up the DagBag from /opt/airflow/dags/retry.py","logger":"airflow.models.dagbag.DagBag","filename":"dagbag.py","lineno":593}
{"timestamp":"2025-10-03T08:15:26.071768Z","level":"info","event":"Filling up the DagBag from /opt/airflow/dags/retry.py","logger":"airflow.models.dagbag.DagBag","filename":"dagbag.py","lineno":593}
{"timestamp":"2025-10-03T08:15:56.381679Z","level":"info","event":"Filling up the DagBag from /opt/airflow/dags/retry.py","logger":"airflow.models.dagbag.DagBag","filename":"dagbag.py","lineno":593}
{"timestamp":"2025-10-03T08:16:26.748441Z","level":"info","event":"Filling up the DagBag from /opt/airflow/dags/retry.py","logger":"airflow.models.dagbag.DagBag","filename":"dagbag.py","lineno":593}
{"timestamp":"2025-10-03T08:16:57.021405Z","level":"info","event":"Filling up the DagBag from /opt/airflow/dags/retry.py","logger":"airflow.models.dagbag.DagBag","filename":"dagbag.py","lineno":593}
{"timestamp":"2025-10-03T08:17:27.823881Z","level":"info","event":"Filling up the DagBag from /opt/airflow/dags/retry.py","logger":"airflow.models.dagbag.DagBag","filename":"dagbag.py","lineno":593}
{"timestamp":"2025-10-03T08:17:58.221912Z","level":"info","event":"Filling up the DagBag from /opt/airflow/dags/retry.py","logger":"airflow.models.dagbag.DagBag","filename":"dagbag.py","lineno":593}
